--------------------------------------------------------------------------------
Release 11.1 Trace  (lin)
Copyright (c) 1995-2009 Xilinx, Inc.  All rights reserved.

/opt/Xilinx/11.1/ISE/bin/lin/unwrapped/trce -ise
/home/price/projects/cdp/xilinx/sandbox/sandbox.ise -intstyle ise -v 3 -s 5
-fastpaths -xml nexys2_toplevel.twx nexys2_toplevel.ncd -o nexys2_toplevel.twr
nexys2_toplevel.pcf -ucf nexys2_toplevel.ucf

Design file:              nexys2_toplevel.ncd
Physical constraint file: nexys2_toplevel.pcf
Device,package,speed:     xc3s500e,fg320,-5 (PRODUCTION 1.27 2009-03-03)
Report level:             verbose report

Environment Variable      Effect 
--------------------      ------ 
NONE                      No environment variables were set
--------------------------------------------------------------------------------

INFO:Timing:2698 - No timing constraints found, doing default enumeration.
INFO:Timing:2752 - To get complete path coverage, use the unconstrained paths 
   option. All paths that are not constrained will be reported in the 
   unconstrained paths section(s) of the report.
INFO:Timing:3339 - The clock-to-out numbers in this timing report are based on 
   a 50 Ohm transmission line loading model.  For the details of this model, 
   and for more information on accounting for different loading conditions, 
   please see the device datasheet.



Data Sheet report:
-----------------
All values displayed in nanoseconds (ns)

Setup/Hold to clock clk0
------------+------------+------------+------------------+--------+
            |  Setup to  |  Hold to   |                  | Clock  |
Source      | clk (edge) | clk (edge) |Internal Clock(s) | Phase  |
------------+------------+------------+------------------+--------+
buttons<0>  |    4.018(R)|   -2.005(R)|clk0_BUFGP        |   0.000|
buttons<1>  |    5.318(R)|   -3.271(R)|clk0_BUFGP        |   0.000|
buttons<2>  |    2.881(R)|   -1.094(R)|clk0_BUFGP        |   0.000|
buttons<3>  |    3.593(R)|   -1.660(R)|clk0_BUFGP        |   0.000|
switches<0> |    7.876(R)|   -1.733(R)|clk0_BUFGP        |   0.000|
switches<1> |    7.599(R)|   -1.302(R)|clk0_BUFGP        |   0.000|
switches<2> |    7.286(R)|   -0.753(R)|clk0_BUFGP        |   0.000|
switches<3> |    7.318(R)|   -0.270(R)|clk0_BUFGP        |   0.000|
switches<4> |    5.736(R)|   -0.394(R)|clk0_BUFGP        |   0.000|
switches<5> |    6.148(R)|   -0.724(R)|clk0_BUFGP        |   0.000|
switches<6> |    6.251(R)|   -0.806(R)|clk0_BUFGP        |   0.000|
switches<7> |    6.229(R)|   -0.788(R)|clk0_BUFGP        |   0.000|
usb_flaga   |    4.826(R)|   -2.651(R)|clk0_BUFGP        |   0.000|
usb_flagb   |    5.646(R)|   -3.306(R)|clk0_BUFGP        |   0.000|
usb_flagc   |    4.668(R)|   -2.525(R)|clk0_BUFGP        |   0.000|
------------+------------+------------+------------------+--------+

Clock clk0 to Pad
------------+------------+------------------+--------+
            | clk (edge) |                  | Clock  |
Destination |   to PAD   |Internal Clock(s) | Phase  |
------------+------------+------------------+--------+
led_upper<0>|    5.620(R)|clk0_BUFGP        |   0.000|
led_upper<1>|    5.620(R)|clk0_BUFGP        |   0.000|
led_upper<2>|    5.620(R)|clk0_BUFGP        |   0.000|
led_upper<3>|    5.620(R)|clk0_BUFGP        |   0.000|
pmod_d<4>   |    5.614(R)|clk0_BUFGP        |   0.000|
pmod_d<5>   |    5.614(R)|clk0_BUFGP        |   0.000|
pmod_d<6>   |    5.613(R)|clk0_BUFGP        |   0.000|
pmod_d<7>   |    5.613(R)|clk0_BUFGP        |   0.000|
------------+------------+------------------+--------+

Clock to Setup on destination clock clk0
---------------+---------+---------+---------+---------+
               | Src:Rise| Src:Fall| Src:Rise| Src:Fall|
Source Clock   |Dest:Rise|Dest:Rise|Dest:Fall|Dest:Fall|
---------------+---------+---------+---------+---------+
usb_ifclk      |    8.216|         |         |         |
---------------+---------+---------+---------+---------+

Clock to Setup on destination clock usb_ifclk
---------------+---------+---------+---------+---------+
               | Src:Rise| Src:Fall| Src:Rise| Src:Fall|
Source Clock   |Dest:Rise|Dest:Rise|Dest:Fall|Dest:Fall|
---------------+---------+---------+---------+---------+
usb_ifclk      |    3.965|         |         |         |
---------------+---------+---------+---------+---------+


Analysis completed Sun Nov  1 21:49:15 2009 
--------------------------------------------------------------------------------

Trace Settings:
-------------------------
Trace Settings 

Peak Memory Usage: 91 MB



